---
source: example/src/words.rs
expression: "grammar::Words::parse(\"if hello\")"
---
ParseResult {
    result: Some(
        Words {
            keyword: (),
            word: "hello",
        },
    ),
    errors: [],
}
