---
source: example/src/words.rs
expression: "grammar::Words::parse(\"ifhello\")"
---
ParseResult {
    result: None,
    errors: [
        ParseError {
            node_position: Position {
                bytes: 0..7,
                start: Point {
                    line: 1,
                    column: 1,
                },
                end: Point {
                    line: 1,
                    column: 8,
                },
            },
            error_position: Position {
                bytes: 0..7,
                start: Point {
                    line: 1,
                    column: 1,
                },
                end: Point {
                    line: 1,
                    column: 8,
                },
            },
            lookaheads: [
                "Words_keyword",
                "source_file",
            ],
            reason: Error,
        },
        ParseError {
            node_position: Position {
                bytes: 7..7,
                start: Point {
                    line: 1,
                    column: 8,
                },
                end: Point {
                    line: 1,
                    column: 8,
                },
            },
            error_position: Position {
                bytes: 7..7,
                start: Point {
                    line: 1,
                    column: 8,
                },
                end: Point {
                    line: 1,
                    column: 8,
                },
            },
            lookaheads: [],
            reason: MissingNode {
                node_kind: "Words_word",
                type_name: "String",
            },
        },
    ],
}
