---
source: example/src/repetitions.rs
expression: "grammar3::parse(\"1,\")"
---
Ok(
    NumberList {
        numbers: Spanned {
            value: [
                Spanned {
                    value: Some(
                        1,
                    ),
                    byte_span: (
                        0,
                        1,
                    ),
                    line_span: (
                        Point {
                            line: 1,
                            column: 1,
                        },
                        Point {
                            line: 1,
                            column: 2,
                        },
                    ),
                },
            ],
            byte_span: (
                0,
                2,
            ),
            line_span: (
                Point {
                    line: 1,
                    column: 1,
                },
                Point {
                    line: 1,
                    column: 3,
                },
            ),
        },
        metadata: 123,
    },
)
