---
source: example/src/optionals.rs
expression: "grammar::Language::parse(\"_2.\")"
---
ParseResult {
    result: Some(
        Language {
            v: None,
            _s: (),
            t: Spanned {
                value: Some(
                    Number {
                        v: 2,
                    },
                ),
                position: Position {
                    bytes: 2..3,
                    start: Point {
                        line: 1,
                        column: 3,
                    },
                    end: Point {
                        line: 1,
                        column: 4,
                    },
                },
            },
            _d: Some(
                (),
            ),
        },
    ),
    errors: [],
}
