---
source: example/src/optionals.rs
expression: "grammar::Language::parse(\"1_.\")"
---
ParseResult {
    result: Some(
        Language {
            v: Some(
                1,
            ),
            _s: (),
            t: Spanned {
                value: None,
                position: Position {
                    bytes: 0..0,
                    start: Point {
                        line: 1,
                        column: 1,
                    },
                    end: Point {
                        line: 1,
                        column: 1,
                    },
                },
            },
            _d: Some(
                (),
            ),
        },
    ),
    errors: [],
}
