---
source: example/src/repetitions.rs
expression: "grammar::NumberList::parse(\"1\")"
---
ParseResult {
    result: Some(
        NumberList {
            numbers: Spanned {
                value: [
                    Spanned {
                        value: 1,
                        position: Position {
                            bytes: 0..1,
                            start: Point {
                                line: 1,
                                column: 1,
                            },
                            end: Point {
                                line: 1,
                                column: 2,
                            },
                        },
                    },
                ],
                position: Position {
                    bytes: 0..1,
                    start: Point {
                        line: 1,
                        column: 1,
                    },
                    end: Point {
                        line: 1,
                        column: 2,
                    },
                },
            },
        },
    ),
    errors: [],
}
