---
source: tool/src/lib.rs
expression: grammar
---
{"name":"test","word":null,"rules":{"source_file":{"type":"CHOICE","members":[{"type":"SYMBOL","name":"Expr_Number"},{"type":"SYMBOL","name":"Expr_Neg"}]},"Expr_Number_0":{"type":"PATTERN","value":"\\d+"},"Expr_Number":{"type":"SEQ","members":[{"type":"FIELD","name":"0","content":{"type":"SYMBOL","name":"Expr_Number_0"}}]},"_Expr_Neg__bang":{"type":"STRING","value":"!"},"Expr_Neg":{"type":"SEQ","members":[{"type":"FIELD","name":"_bang","content":{"type":"SYMBOL","name":"_Expr_Neg__bang"}},{"type":"FIELD","name":"value","content":{"type":"SYMBOL","name":"Expr"}}]},"Expr":{"type":"CHOICE","members":[{"type":"SYMBOL","name":"Expr_Number"},{"type":"SYMBOL","name":"Expr_Neg"}]}},"extras":[]}
