---
source: tool/src/lib.rs
expression: grammar
---
{"name":"StringFragment","word":null,"rules":{"source_file":{"type":"SEQ","members":[{"type":"FIELD","name":"0","content":{"type":"PREC","value":1,"content":{"type":"PATTERN","value":"[^\"\\\\]+"}}}]},"StringFragment":{"type":"SEQ","members":[{"type":"FIELD","name":"0","content":{"type":"PREC","value":1,"content":{"type":"PATTERN","value":"[^\"\\\\]+"}}}]}},"extras":[{"type":"PATTERN","value":"\\s"}]}
