---
source: tool/src/lib.rs
expression: grammar
---
{"name":"Expr","word":null,"rules":{"source_file":{"type":"CHOICE","members":[{"type":"SYMBOL","name":"Expr_Numbers"}]},"Number":{"type":"SEQ","members":[{"type":"FIELD","name":"value","content":{"type":"PATTERN","value":"\\d+"}}]},"List_Expr_Numbers_0":{"type":"REPEAT1","content":{"type":"FIELD","name":"Expr_Numbers_0_element","content":{"type":"SYMBOL","name":"Number"}}},"Expr_Numbers":{"type":"SEQ","members":[{"type":"FIELD","name":"0","content":{"type":"SYMBOL","name":"List_Expr_Numbers_0"}}]},"Expr":{"type":"CHOICE","members":[{"type":"SYMBOL","name":"Expr_Numbers"}]}},"extras":[]}
