---
source: tool/src/lib.rs
expression: grammar
---
{"name":"Program","word":null,"rules":{"source_file":{"type":"SEQ","members":[{"type":"CHOICE","members":[{"type":"BLANK"},{"type":"FIELD","name":"0","content":{"type":"SYMBOL","name":"List_Program_0"}}]}]},"List_Program_0":{"type":"REPEAT1","content":{"type":"FIELD","name":"Program_0_element","content":{"type":"SYMBOL","name":"Statement"}}},"Program":{"type":"SEQ","members":[{"type":"CHOICE","members":[{"type":"BLANK"},{"type":"FIELD","name":"0","content":{"type":"SYMBOL","name":"List_Program_0"}}]}]},"Statement_ExpressionStatement":{"type":"SEQ","members":[{"type":"FIELD","name":"0","content":{"type":"SYMBOL","name":"ExpressionStatement"}}]},"Statement_IfStatement":{"type":"SEQ","members":[{"type":"FIELD","name":"0","content":{"type":"SYMBOL","name":"IfStatement"}}]},"Statement":{"type":"CHOICE","members":[{"type":"SYMBOL","name":"Statement_ExpressionStatement"},{"type":"SYMBOL","name":"Statement_IfStatement"}]},"Expression_Identifier":{"type":"SEQ","members":[{"type":"FIELD","name":"0","content":{"type":"SYMBOL","name":"Identifier"}}]},"Expression_Number":{"type":"SEQ","members":[{"type":"FIELD","name":"0","content":{"type":"SYMBOL","name":"Number"}}]},"Expression_BinaryExpression":{"type":"SEQ","members":[{"type":"FIELD","name":"0","content":{"type":"SYMBOL","name":"BinaryExpression"}}]},"Expression":{"type":"CHOICE","members":[{"type":"SYMBOL","name":"Expression_Identifier"},{"type":"SYMBOL","name":"Expression_Number"},{"type":"SYMBOL","name":"Expression_BinaryExpression"}]},"BinaryExpression":{"type":"PREC_LEFT","value":1,"content":{"type":"SEQ","members":[{"type":"FIELD","name":"expression","content":{"type":"SYMBOL","name":"Expression"}},{"type":"FIELD","name":"binary_expression_inner","content":{"type":"SYMBOL","name":"BinaryExpressionInner"}},{"type":"FIELD","name":"expression2","content":{"type":"SYMBOL","name":"Expression"}}]}},"BinaryExpressionInner_String":{"type":"SEQ","members":[{"type":"FIELD","name":"0","content":{"type":"STRING","value":"+"}}]},"BinaryExpressionInner_String2":{"type":"SEQ","members":[{"type":"FIELD","name":"0","content":{"type":"STRING","value":"-"}}]},"BinaryExpressionInner_String3":{"type":"SEQ","members":[{"type":"FIELD","name":"0","content":{"type":"STRING","value":"*"}}]},"BinaryExpressionInner_String4":{"type":"SEQ","members":[{"type":"FIELD","name":"0","content":{"type":"STRING","value":"/"}}]},"BinaryExpressionInner":{"type":"CHOICE","members":[{"type":"SYMBOL","name":"BinaryExpressionInner_String"},{"type":"SYMBOL","name":"BinaryExpressionInner_String2"},{"type":"SYMBOL","name":"BinaryExpressionInner_String3"},{"type":"SYMBOL","name":"BinaryExpressionInner_String4"}]},"ExpressionStatement":{"type":"SEQ","members":[{"type":"FIELD","name":"expression","content":{"type":"SYMBOL","name":"Expression"}},{"type":"FIELD","name":"_semicolon","content":{"type":"STRING","value":";"}}]},"IfStatement":{"type":"PREC_DYNAMIC","value":1,"content":{"type":"SEQ","members":[{"type":"FIELD","name":"_if","content":{"type":"STRING","value":"if"}},{"type":"FIELD","name":"_lparen","content":{"type":"STRING","value":"("}},{"type":"FIELD","name":"expression","content":{"type":"SYMBOL","name":"Expression"}},{"type":"FIELD","name":"_rparen","content":{"type":"STRING","value":")"}},{"type":"FIELD","name":"_lbrace","content":{"type":"STRING","value":"{"}},{"type":"FIELD","name":"statement","content":{"type":"SYMBOL","name":"Statement"}},{"type":"FIELD","name":"_rbrace","content":{"type":"STRING","value":"}"}},{"type":"CHOICE","members":[{"type":"BLANK"},{"type":"FIELD","name":"if_statement_inner","content":{"type":"SYMBOL","name":"IfStatementElse"}}]}]}},"IfStatementElse":{"type":"SEQ","members":[{"type":"FIELD","name":"_else","content":{"type":"STRING","value":"else"}},{"type":"FIELD","name":"_lbrace","content":{"type":"STRING","value":"{"}},{"type":"FIELD","name":"statement","content":{"type":"SYMBOL","name":"Statement"}},{"type":"FIELD","name":"_rbrace","content":{"type":"STRING","value":"}"}}]},"Identifier":{"type":"SEQ","members":[{"type":"FIELD","name":"0","content":{"type":"PATTERN","value":"[a-zA-Z_][a-zA-Z0-9_]*"}}]},"Number":{"type":"SEQ","members":[{"type":"FIELD","name":"0","content":{"type":"PATTERN","value":"\\d+"}}]}},"extras":[]}
