---
source: tool/src/lib.rs
expression: grammar
---
{"name":"test","word":null,"rules":{"source_file":{"type":"SEQ","members":[{"type":"FIELD","name":"numbers","content":{"type":"SYMBOL","name":"NumberList_numbers_vec_contents"}}]},"NumberList_numbers_vec_delimiter":{"type":"STRING","value":","},"NumberList_numbers_vec_contents":{"type":"SEQ","members":[{"type":"FIELD","name":"NumberList_numbers_vec_element","content":{"type":"SYMBOL","name":"Number"}},{"type":"REPEAT","content":{"type":"SEQ","members":[{"type":"SYMBOL","name":"NumberList_numbers_vec_delimiter"},{"type":"FIELD","name":"NumberList_numbers_vec_element","content":{"type":"SYMBOL","name":"Number"}}]}}]},"NumberList":{"type":"SEQ","members":[{"type":"FIELD","name":"numbers","content":{"type":"SYMBOL","name":"NumberList_numbers_vec_contents"}}]},"Number_v":{"type":"PATTERN","value":"\\d+"},"Number":{"type":"SEQ","members":[{"type":"FIELD","name":"v","content":{"type":"SYMBOL","name":"Number_v"}}]},"_Whitespace__whitespace":{"type":"PATTERN","value":"\\s"},"Whitespace":{"type":"SEQ","members":[{"type":"FIELD","name":"_whitespace","content":{"type":"SYMBOL","name":"_Whitespace__whitespace"}}]}},"extras":[{"type":"SYMBOL","name":"Whitespace"}]}
