---
source: tool/src/lib.rs
expression: grammar
---
{"name":"Language","word":null,"rules":{"source_file":{"type":"SEQ","members":[{"type":"FIELD","name":"e","content":{"type":"SYMBOL","name":"Expression"}}]},"Language":{"type":"SEQ","members":[{"type":"FIELD","name":"e","content":{"type":"SYMBOL","name":"Expression"}}]},"Expression_Number":{"type":"SEQ","members":[{"type":"FIELD","name":"0","content":{"type":"PATTERN","value":"\\d+"}}]},"Expression":{"type":"CHOICE","members":[{"type":"SYMBOL","name":"Expression_Number"}]}},"extras":[]}
