---
source: tool/src/lib.rs
expression: grammar
---
{"name":"Expression","word":null,"rules":{"source_file":{"type":"CHOICE","members":[{"type":"SYMBOL","name":"Expression_Number"},{"type":"SYMBOL","name":"Expression_Sub"}]},"Expression_Number_0":{"type":"PATTERN","value":"\\d+"},"Expression_Number":{"type":"SEQ","members":[{"type":"FIELD","name":"0","content":{"type":"SYMBOL","name":"Expression_Number_0"}}]},"Expression_Sub_1":{"type":"STRING","value":"-"},"Expression_Sub":{"type":"PREC_LEFT","value":1,"content":{"type":"SEQ","members":[{"type":"FIELD","name":"0","content":{"type":"SYMBOL","name":"Expression"}},{"type":"FIELD","name":"1","content":{"type":"SYMBOL","name":"Expression_Sub_1"}},{"type":"FIELD","name":"2","content":{"type":"SYMBOL","name":"Expression"}}]}},"Expression":{"type":"CHOICE","members":[{"type":"SYMBOL","name":"Expression_Number"},{"type":"SYMBOL","name":"Expression_Sub"}]}},"extras":[]}
