---
source: macro/src/lib.rs
expression: "rustfmt_code(&expand_grammar(parse_quote!\n{\n    mod grammar\n    {\n        #[derive(rust_sitter::Rule)] #[language] pub enum Expr\n        {\n            Number(#[leaf(pattern(r\"\\d+\"))] u32), Neg\n            { #[leaf(\"!\")] _bang: (), value: Box<Expr>, }\n        }\n    }\n}).to_token_stream().to_string())"
---
mod grammar {
    impl ::rust_sitter::rule::Language for Expr {
        fn produce_grammar() -> String {
            String::new()
        }
        fn language() -> ::rust_sitter::tree_sitter::Language {
            unsafe extern "C" {
                fn tree_sitter_Expr() -> ::rust_sitter::tree_sitter::Language;
            }
            unsafe { tree_sitter_Expr() }
        }
        #[doc = r" Parse an input string according to the grammar. Returns either any parsing errors that happened, or a"]
        #[doc = "[`Expr`]"]
        #[doc = r" instance containing the parsed structured data."]
        fn parse(input: &str) -> ::rust_sitter::ParseResult<Self> {
            ::rust_sitter::__private::parse(input, Self::language)
        }
    }
    impl ::rust_sitter::Extract for Expr {
        type Output = Self;
        type LeafFn = ();
        #[allow(non_snake_case)]
        fn extract<'tree>(
            ctx: &mut ::rust_sitter::extract::ExtractContext,
            node: Option<::rust_sitter::tree_sitter::Node<'tree>>,
            source: &[u8],
            _l: Self::LeafFn,
        ) -> Result<Self, ::rust_sitter::extract::ExtractError<'tree>> {
            let node = node.ok_or_else(|| ::rust_sitter::error::ExtractError::missing_node(ctx))?;
            let mut cursor = node.walk();
            if !cursor.goto_first_child() {
                return Err(::rust_sitter::error::ExtractError::missing_node(ctx));
            }
            loop {
                let node = cursor.node();
                match node.kind() {
                    "Expr_Number" => {
                        return ::rust_sitter::__private::extract_struct_or_variant(
                            stringify!(Expr::Number),
                            node,
                            move |state| {
                                Ok(Expr::Number(::rust_sitter::__private::extract_field::<
                                    u32,
                                    _,
                                >(
                                    ::rust_sitter::extract::BaseExtractor::default(),
                                    (),
                                    state,
                                    ::rust_sitter::extract::ExtractFieldContext::new(
                                        0u32,
                                        false,
                                        |state| match state {
                                            0u32 => {
                                                ::rust_sitter::extract::ExtractFieldState::Complete
                                            }
                                            _ => {
                                                ::rust_sitter::extract::ExtractFieldState::Overflow
                                            }
                                        },
                                    ),
                                    source,
                                    "0",
                                )?))
                            },
                        )
                    }
                    "Expr_Neg" => {
                        return ::rust_sitter::__private::extract_struct_or_variant(
                            stringify!(Expr::Neg),
                            node,
                            move |state| {
                                Ok(Expr::Neg {
                                    _bang: ::rust_sitter::__private::extract_field::<(), _>(
                                        ::rust_sitter::extract::BaseExtractor::default(),
                                        (),
                                        state,
                                        ::rust_sitter::extract::ExtractFieldContext::new(
                                            1u32,
                                            false,
                                            |state| {
                                                match state { 0u32 => :: rust_sitter :: extract :: ExtractFieldState :: Str ("!" , false , false) , 1u32 => :: rust_sitter :: extract :: ExtractFieldState :: Complete , _ => :: rust_sitter :: extract :: ExtractFieldState :: Overflow , }
                                            },
                                        ),
                                        source,
                                        "_bang",
                                    )?,
                                    value: ::rust_sitter::__private::extract_field::<Box<Expr>, _>(
                                        ::rust_sitter::extract::BaseExtractor::default(),
                                        (),
                                        state,
                                        ::rust_sitter::extract::ExtractFieldContext::new(
                                            1u32,
                                            false,
                                            |state| {
                                                match state { 0u32 => :: rust_sitter :: extract :: ExtractFieldState :: Str ("Expr" , true , false) , 1u32 => :: rust_sitter :: extract :: ExtractFieldState :: Complete , _ => :: rust_sitter :: extract :: ExtractFieldState :: Overflow , }
                                            },
                                        ),
                                        source,
                                        "value",
                                    )?,
                                })
                            },
                        )
                    }
                    k => {
                        if !cursor.goto_next_sibling() {
                            return Err(::rust_sitter::error::ExtractError::missing_enum(ctx));
                        }
                    }
                }
            }
        }
    }
    impl ::rust_sitter::rule::Rule for Expr {
        fn produce_ast() -> String {
            String::new()
        }
        fn rule_name() -> &'static str {
            "Expr"
        }
    }
}
